// Jest Snapshot v1, https://goo.gl/fbAQLP

exports[`schedules controller should return schedules for a station/to 1`] = `
Object {
  "at": "2020-03-10T09:22:30+01:00",
  "line": "A",
  "provider": "ratp",
  "routes": Array [
    Object {
      "code": "TAXE",
      "destination": "Poissy",
      "isApproaching": undefined,
      "isDeparture": undefined,
      "isOnPlatform": undefined,
      "isTerminus": undefined,
      "message": "21:46",
      "noPassenger": undefined,
      "platform": undefined,
      "time": "2020-03-10T21:46:00+01:00",
    },
    Object {
      "code": "NOTE",
      "destination": "Boissy-Saint-Leger",
      "isApproaching": undefined,
      "isDeparture": undefined,
      "isOnPlatform": undefined,
      "isTerminus": undefined,
      "message": "21:34",
      "noPassenger": undefined,
      "platform": undefined,
      "time": "2020-03-10T21:34:00+01:00",
    },
  ],
  "station": "chatelet+les+halles",
  "type": "rers",
}
`;
